
=== ACE SPEC（由 ACE_SPEC_LIST 輸出） ===
ACE_SPEC_LIST_DETECTED = [
    ("きらめく結晶", "https://www.pokemon-card.com/card-search/details.php/card/46813"),
    ("つりざおMAX", "https://www.pokemon-card.com/card-search/details.php/card/46803"),
    ("アンフェアスタンプ", "https://www.pokemon-card.com/card-search/details.php/card/47870"),
    ("エネルギー転送PRO", "https://www.pokemon-card.com/card-search/details.php/card/46281"),
    ("サバイブギプス", "https://www.pokemon-card.com/card-search/details.php/card/45642"),
    ("シークレットボックス", "https://www.pokemon-card.com/card-search/details.php/card/45783"),
    ("スクランブルスイッチ", "https://www.pokemon-card.com/card-search/details.php/card/46435"),
    ("デラックスボム", "https://www.pokemon-card.com/card-search/details.php/card/46035"),
    ("デンジャラス光線", "https://www.pokemon-card.com/card-search/details.php/card/45929"),
    ("トレジャーガジェット", "https://www.pokemon-card.com/card-search/details.php/card/46807"),
    ("ニュートラルセンター", "https://www.pokemon-card.com/card-search/details.php/card/46845"),
    ("ハイパーアロマ", "https://www.pokemon-card.com/card-search/details.php/card/45641"),
    ("パーフェクトミキサー", "https://www.pokemon-card.com/card-search/details.php/card/46197"),
    ("ヒーローマント", "https://www.pokemon-card.com/card-search/details.php/card/48300"),
    ("プライムキャッチャー", "https://www.pokemon-card.com/card-search/details.php/card/48274"),
    ("プレシャスキャリー", "https://www.pokemon-card.com/card-search/details.php/card/46220"),
    ("ポケバイタルA", "https://www.pokemon-card.com/card-search/details.php/card/45930"),
    ("ポケモン回収サイクロン", "https://www.pokemon-card.com/card-search/details.php/card/46810"),
    ("マキシマムベルト", "https://www.pokemon-card.com/card-search/details.php/card/47890"),
    ("ミラクルインカム", "https://www.pokemon-card.com/card-search/details.php/card/46437"),
    ("メガトンブロアー", "https://www.pokemon-card.com/card-search/details.php/card/46285"),
    ("リッチエネルギー", "https://www.pokemon-card.com/card-search/details.php/card/46293"),
    ("レガシーエネルギー", "https://www.pokemon-card.com/card-search/details.php/card/47220"),
    ("偉大な大樹", "https://www.pokemon-card.com/card-search/details.php/card/46040"),
    ("希望のアミュレット", "https://www.pokemon-card.com/card-search/details.php/card/46438"),
    ("覚醒のドラム", "https://www.pokemon-card.com/card-search/details.php/card/45208"),
]
