
=== ACE SPEC（由 ACE_SPEC_LIST 輸出） ===
ACE_SPEC_LIST_DETECTED = [
    ("きらめく結晶", "https://www.pokemon-card.com/card-search/details.php/card/46813"),
    ("つりざおMAX", "https://www.pokemon-card.com/card-search/details.php/card/46803"),
    ("アンフェアスタンプ", "https://www.pokemon-card.com/card-search/details.php/card/47870"),
    ("エネルギー転送PRO", "https://www.pokemon-card.com/card-search/details.php/card/46281"),
    ("サバイブギプス", "https://www.pokemon-card.com/card-search/details.php/card/45642"),
    ("シークレットボックス", "https://www.pokemon-card.com/card-search/details.php/card/45783"),
    ("スクランブルスイッチ", "https://www.pokemon-card.com/card-search/details.php/card/46435"),
    ("デラックスボム", "https://www.pokemon-card.com/card-search/details.php/card/46035"),
    ("デンジャラス光線", "https://www.pokemon-card.com/card-search/details.php/card/45929"),
    ("トレジャーガジェット", "https://www.pokemon-card.com/card-search/details.php/card/46807"),
    ("ニュートラルセンター", "https://www.pokemon-card.com/card-search/details.php/card/46845"),
    ("ハイパーアロマ", "https://www.pokemon-card.com/card-search/details.php/card/45641"),
    ("パーフェクトミキサー", "https://www.pokemon-card.com/card-search/details.php/card/46197"),
    ("ヒーローマント", "https://www.pokemon-card.com/card-search/details.php/card/48300"),
    ("プライムキャッチャー", "https://www.pokemon-card.com/card-search/details.php/card/48274"),
    ("プレシャスキャリー", "https://www.pokemon-card.com/card-search/details.php/card/46220"),
    ("ポケバイタルA", "https://www.pokemon-card.com/card-search/details.php/card/45930"),
    ("ポケモン回収サイクロン", "https://www.pokemon-card.com/card-search/details.php/card/46810"),
    ("マキシマムベルト", "https://www.pokemon-card.com/card-search/details.php/card/47890"),
    ("ミラクルインカム", "https://www.pokemon-card.com/card-search/details.php/card/46437"),
    ("メガトンブロアー", "https://www.pokemon-card.com/card-search/details.php/card/46285"),
    ("リッチエネルギー", "https://www.pokemon-card.com/card-search/details.php/card/46293"),
    ("レガシーエネルギー", "https://www.pokemon-card.com/card-search/details.php/card/47220"),
    ("偉大な大樹", "https://www.pokemon-card.com/card-search/details.php/card/46040"),
    ("希望のアミュレット", "https://www.pokemon-card.com/card-search/details.php/card/46438"),
    ("覚醒のドラム", "https://www.pokemon-card.com/card-search/details.php/card/45208"),
]
✓ [2025-09-27] MypEpS-9mitW2-ypyp3U 完成：{'deck_id': 'MypEpS-9mitW2-ypyp3U', 'pokemon': 15, 'goods': 15, 'tools': 3, 'supporter': 13, 'stadium': 4, 'energy': 10, 'total_cards': 60} ｜ 找到 ACE SPEC: ['マキシマムベルト']
✓ [2025-09-27] Q6gHnP-uVNOXR-Qn9nLn 完成：{'deck_id': 'Q6gHnP-uVNOXR-Qn9nLn', 'pokemon': 17, 'goods': 15, 'tools': 3, 'supporter': 11, 'stadium': 3, 'energy': 11, 'total_cards': 60} ｜ 找到 ACE SPEC: ['マキシマムベルト']
✓ [2025-09-27] kvwdVv-C7Ax4T-FkvFkb 完成：{'deck_id': 'kvwdVv-C7Ax4T-FkvFkb', 'pokemon': 16, 'goods': 17, 'tools': 3, 'supporter': 11, 'stadium': 3, 'energy': 10, 'total_cards': 60} ｜ 找到 ACE SPEC: ['マキシマムベルト']
✓ [2025-09-27] KccYJc-KAV9ut-88Yxcc 完成：{'deck_id': 'KccYJc-KAV9ut-88Yxcc', 'pokemon': 16, 'goods': 15, 'tools': 4, 'supporter': 12, 'stadium': 3, 'energy': 10, 'total_cards': 60} ｜ 找到 ACE SPEC: ['マキシマムベルト']
✓ [2025-09-27] xJ8cY8-cUmwbJ-KDGx8a 完成：{'deck_id': 'xJ8cY8-cUmwbJ-KDGx8a', 'pokemon': 15, 'goods': 15, 'tools': 4, 'supporter': 12, 'stadium': 4, 'energy': 10, 'total_cards': 60} ｜ 找到 ACE SPEC: ['マキシマムベルト']
✓ [2025-09-27] HnP6N9-Lt26ak-n9QLgn 完成：{'deck_id': 'HnP6N9-Lt26ak-n9QLgn', 'pokemon': 15, 'goods': 16, 'tools': 4, 'supporter': 12, 'stadium': 4, 'energy': 9, 'total_cards': 60} ｜ 找到 ACE SPEC: ['マキシマムベルト']
✓ [2025-09-27] 8Y88Yc-5VzB0Q-DDKK8G 完成：{'deck_id': '8Y88Yc-5VzB0Q-DDKK8G', 'pokemon': 16, 'goods': 15, 'tools': 3, 'supporter': 13, 'stadium': 3, 'energy': 10, 'total_cards': 60} ｜ 找到 ACE SPEC: ['マキシマムベルト']
✓ [2025-09-27] gPngnQ-WVJO9Z-PiLLg6 完成：{'deck_id': 'gPngnQ-WVJO9Z-PiLLg6', 'pokemon': 16, 'goods': 16, 'tools': 3, 'supporter': 12, 'stadium': 4, 'energy': 9, 'total_cards': 60} ｜ 找到 ACE SPEC: ['マキシマムベルト']
✓ [2025-09-27] 848x8J-25XBJv-KYaDGc 完成：{'deck_id': '848x8J-25XBJv-KYaDGc', 'pokemon': 16, 'goods': 15, 'tools': 4, 'supporter': 12, 'stadium': 3, 'energy': 10, 'total_cards': 60} ｜ 找到 ACE SPEC: ['マキシマムベルト']
✓ [2025-09-25] My33pS-gJkqoC-XyRXyX 完成：{'deck_id': 'My33pS-gJkqoC-XyRXyX', 'pokemon': 17, 'goods': 14, 'tools': 3, 'supporter': 13, 'stadium': 3, 'energy': 10, 'total_cards': 60} ｜ 找到 ACE SPEC: ['マキシマムベルト']
