
=== ACE SPEC（由 ACE_SPEC_LIST 輸出） ===
ACE_SPEC_LIST_DETECTED = [
    ("きらめく結晶", "https://www.pokemon-card.com/card-search/details.php/card/46813"),
    ("つりざおMAX", "https://www.pokemon-card.com/card-search/details.php/card/46803"),
    ("アンフェアスタンプ", "https://www.pokemon-card.com/card-search/details.php/card/47870"),
    ("エネルギー転送PRO", "https://www.pokemon-card.com/card-search/details.php/card/46281"),
    ("サバイブギプス", "https://www.pokemon-card.com/card-search/details.php/card/45642"),
    ("シークレットボックス", "https://www.pokemon-card.com/card-search/details.php/card/45783"),
    ("スクランブルスイッチ", "https://www.pokemon-card.com/card-search/details.php/card/46435"),
    ("デラックスボム", "https://www.pokemon-card.com/card-search/details.php/card/46035"),
    ("デンジャラス光線", "https://www.pokemon-card.com/card-search/details.php/card/45929"),
    ("トレジャーガジェット", "https://www.pokemon-card.com/card-search/details.php/card/46807"),
    ("ニュートラルセンター", "https://www.pokemon-card.com/card-search/details.php/card/46845"),
    ("ハイパーアロマ", "https://www.pokemon-card.com/card-search/details.php/card/45641"),
    ("パーフェクトミキサー", "https://www.pokemon-card.com/card-search/details.php/card/46197"),
    ("ヒーローマント", "https://www.pokemon-card.com/card-search/details.php/card/48300"),
    ("プライムキャッチャー", "https://www.pokemon-card.com/card-search/details.php/card/48274"),
    ("プレシャスキャリー", "https://www.pokemon-card.com/card-search/details.php/card/46220"),
    ("ポケバイタルA", "https://www.pokemon-card.com/card-search/details.php/card/45930"),
    ("ポケモン回収サイクロン", "https://www.pokemon-card.com/card-search/details.php/card/46810"),
    ("マキシマムベルト", "https://www.pokemon-card.com/card-search/details.php/card/47890"),
    ("ミラクルインカム", "https://www.pokemon-card.com/card-search/details.php/card/46437"),
    ("メガトンブロアー", "https://www.pokemon-card.com/card-search/details.php/card/46285"),
    ("リッチエネルギー", "https://www.pokemon-card.com/card-search/details.php/card/46293"),
    ("レガシーエネルギー", "https://www.pokemon-card.com/card-search/details.php/card/47220"),
    ("偉大な大樹", "https://www.pokemon-card.com/card-search/details.php/card/46040"),
    ("希望のアミュレット", "https://www.pokemon-card.com/card-search/details.php/card/46438"),
    ("覚醒のドラム", "https://www.pokemon-card.com/card-search/details.php/card/45208"),
]
✓ My33pS-gJkqoC-XyRXyX 完成：{'deck_id': 'My33pS-gJkqoC-XyRXyX', 'pokemon': 0, 'goods': 0, 'tools': 0, 'supporter': 0, 'stadium': 0, 'energy': 0, 'total_cards': 60} ｜ 找到 ACE SPEC: ['マキシマムベルト(ACE SPEC)']
[diag] 已輸出分類為 0 的區塊標題樣本：D:\Hubery\deck_analyzer\output\src_https_pokecabook_com_archives_234601\diagnostics\sections_My33pS-gJkqoC-XyRXyX.txt
✓ SUMp3M-oPayQp-yUyXpp 完成：{'deck_id': 'SUMp3M-oPayQp-yUyXpp', 'pokemon': 0, 'goods': 0, 'tools': 0, 'supporter': 0, 'stadium': 0, 'energy': 0, 'total_cards': 60} ｜ 找到 ACE SPEC: ['マキシマムベルト(ACE SPEC)']
[diag] 已輸出分類為 0 的區塊標題樣本：D:\Hubery\deck_analyzer\output\src_https_pokecabook_com_archives_234601\diagnostics\sections_SUMp3M-oPayQp-yUyXpp.txt
✓ UpSypX-U5FqJX-2yyS3M 完成：{'deck_id': 'UpSypX-U5FqJX-2yyS3M', 'pokemon': 0, 'goods': 0, 'tools': 0, 'supporter': 0, 'stadium': 0, 'energy': 0, 'total_cards': 60} ｜ 找到 ACE SPEC: ['マキシマムベルト(ACE SPEC)']
[diag] 已輸出分類為 0 的區塊標題樣本：D:\Hubery\deck_analyzer\output\src_https_pokecabook_com_archives_234601\diagnostics\sections_UpSypX-U5FqJX-2yyS3M.txt
✓ Ycc8c8-6QaHAZ-cxYaGK 完成：{'deck_id': 'Ycc8c8-6QaHAZ-cxYaGK', 'pokemon': 0, 'goods': 0, 'tools': 0, 'supporter': 0, 'stadium': 0, 'energy': 0, 'total_cards': 60} ｜ 找到 ACE SPEC: ['マキシマムベルト(ACE SPEC)']
[diag] 已輸出分類為 0 的區塊標題樣本：D:\Hubery\deck_analyzer\output\src_https_pokecabook_com_archives_234601\diagnostics\sections_Ycc8c8-6QaHAZ-cxYaGK.txt
✓ yyXyp2-8Wuj3v-XSp3pE 完成：{'deck_id': 'yyXyp2-8Wuj3v-XSp3pE', 'pokemon': 0, 'goods': 0, 'tools': 0, 'supporter': 0, 'stadium': 0, 'energy': 0, 'total_cards': 60} ｜ 找到 ACE SPEC: ['プライムキャッチャー(ACE SPEC)']
[diag] 已輸出分類為 0 的區塊標題樣本：D:\Hubery\deck_analyzer\output\src_https_pokecabook_com_archives_234601\diagnostics\sections_yyXyp2-8Wuj3v-XSp3pE.txt
✓ vwkvFk-jyW1Z6-f1kdFF 完成：{'deck_id': 'vwkvFk-jyW1Z6-f1kdFF', 'pokemon': 0, 'goods': 0, 'tools': 0, 'supporter': 0, 'stadium': 0, 'energy': 0, 'total_cards': 60} ｜ 找到 ACE SPEC: ['マキシマムベルト(ACE SPEC)']
[diag] 已輸出分類為 0 的區塊標題樣本：D:\Hubery\deck_analyzer\output\src_https_pokecabook_com_archives_234601\diagnostics\sections_vwkvFk-jyW1Z6-f1kdFF.txt
✓ iLng6Q-aGVDJ7-gnngQn 完成：{'deck_id': 'iLng6Q-aGVDJ7-gnngQn', 'pokemon': 0, 'goods': 0, 'tools': 0, 'supporter': 0, 'stadium': 0, 'energy': 0, 'total_cards': 60} ｜ 找到 ACE SPEC: ['マキシマムベルト(ACE SPEC)']
[diag] 已輸出分類為 0 的區塊標題樣本：D:\Hubery\deck_analyzer\output\src_https_pokecabook_com_archives_234601\diagnostics\sections_iLng6Q-aGVDJ7-gnngQn.txt
✓ 6NQLLi-GYSKYn-nQg6nH 完成：{'deck_id': '6NQLLi-GYSKYn-nQg6nH', 'pokemon': 0, 'goods': 0, 'tools': 0, 'supporter': 0, 'stadium': 0, 'energy': 0, 'total_cards': 60} ｜ 找到 ACE SPEC: ['プライムキャッチャー(ACE SPEC)']
[diag] 已輸出分類為 0 的區塊標題樣本：D:\Hubery\deck_analyzer\output\src_https_pokecabook_com_archives_234601\diagnostics\sections_6NQLLi-GYSKYn-nQg6nH.txt
✓ kkFkkF-dDW0hB-vVkFw1 完成：{'deck_id': 'kkFkkF-dDW0hB-vVkFw1', 'pokemon': 0, 'goods': 0, 'tools': 0, 'supporter': 0, 'stadium': 0, 'energy': 0, 'total_cards': 60} ｜ 找到 ACE SPEC: ['マキシマムベルト(ACE SPEC)']
[diag] 已輸出分類為 0 的區塊標題樣本：D:\Hubery\deck_analyzer\output\src_https_pokecabook_com_archives_234601\diagnostics\sections_kkFkkF-dDW0hB-vVkFw1.txt
✓ 1FwFkb-2drQmN-kFvVd5 完成：{'deck_id': '1FwFkb-2drQmN-kFvVd5', 'pokemon': 0, 'goods': 0, 'tools': 0, 'supporter': 0, 'stadium': 0, 'energy': 0, 'total_cards': 60} ｜ 找到 ACE SPEC: ['マキシマムベルト(ACE SPEC)']
[diag] 已輸出分類為 0 的區塊標題樣本：D:\Hubery\deck_analyzer\output\src_https_pokecabook_com_archives_234601\diagnostics\sections_1FwFkb-2drQmN-kFvVd5.txt
