
=== ACE SPEC（由 ACE_SPEC_LIST 輸出） ===
ACE_SPEC_LIST_DETECTED = [
    ("きらめく結晶", "https://www.pokemon-card.com/card-search/details.php/card/46813"),
    ("つりざおMAX", "https://www.pokemon-card.com/card-search/details.php/card/46803"),
    ("アンフェアスタンプ", "https://www.pokemon-card.com/card-search/details.php/card/47870"),
    ("エネルギー転送PRO", "https://www.pokemon-card.com/card-search/details.php/card/46281"),
    ("サバイブギプス", "https://www.pokemon-card.com/card-search/details.php/card/45642"),
    ("シークレットボックス", "https://www.pokemon-card.com/card-search/details.php/card/45783"),
    ("スクランブルスイッチ", "https://www.pokemon-card.com/card-search/details.php/card/46435"),
    ("デラックスボム", "https://www.pokemon-card.com/card-search/details.php/card/46035"),
    ("デンジャラス光線", "https://www.pokemon-card.com/card-search/details.php/card/45929"),
    ("トレジャーガジェット", "https://www.pokemon-card.com/card-search/details.php/card/46807"),
    ("ニュートラルセンター", "https://www.pokemon-card.com/card-search/details.php/card/46845"),
    ("ハイパーアロマ", "https://www.pokemon-card.com/card-search/details.php/card/45641"),
    ("パーフェクトミキサー", "https://www.pokemon-card.com/card-search/details.php/card/46197"),
    ("ヒーローマント", "https://www.pokemon-card.com/card-search/details.php/card/48300"),
    ("プライムキャッチャー", "https://www.pokemon-card.com/card-search/details.php/card/48274"),
    ("プレシャスキャリー", "https://www.pokemon-card.com/card-search/details.php/card/46220"),
    ("ポケバイタルA", "https://www.pokemon-card.com/card-search/details.php/card/45930"),
    ("ポケモン回収サイクロン", "https://www.pokemon-card.com/card-search/details.php/card/46810"),
    ("マキシマムベルト", "https://www.pokemon-card.com/card-search/details.php/card/47890"),
    ("ミラクルインカム", "https://www.pokemon-card.com/card-search/details.php/card/46437"),
    ("メガトンブロアー", "https://www.pokemon-card.com/card-search/details.php/card/46285"),
    ("リッチエネルギー", "https://www.pokemon-card.com/card-search/details.php/card/46293"),
    ("レガシーエネルギー", "https://www.pokemon-card.com/card-search/details.php/card/47220"),
    ("偉大な大樹", "https://www.pokemon-card.com/card-search/details.php/card/46040"),
    ("希望のアミュレット", "https://www.pokemon-card.com/card-search/details.php/card/46438"),
    ("覚醒のドラム", "https://www.pokemon-card.com/card-search/details.php/card/45208"),
]
✓ gnLgP9-XVLl8f-gQ6QLn 完成：{'deck_id': 'gnLgP9-XVLl8f-gQ6QLn', 'pokemon': 15, 'goods': 19, 'tools': 0, 'supporter': 7, 'stadium': 0, 'energy': 19, 'total_cards': 60} ｜ 找到 ACE SPEC: ['パーフェクトミキサー(ACE SPEC)']
✓ kV1Fdk-MAU7u5-1Fwvvk 完成：{'deck_id': 'kV1Fdk-MAU7u5-1Fwvvk', 'pokemon': 14, 'goods': 17, 'tools': 0, 'supporter': 10, 'stadium': 0, 'energy': 19, 'total_cards': 60} ｜ 找到 ACE SPEC: ['パーフェクトミキサー(ACE SPEC)']
✓ SRpy2y-ueJCNf-yp3Mpy 完成：{'deck_id': 'SRpy2y-ueJCNf-yp3Mpy', 'pokemon': 15, 'goods': 15, 'tools': 0, 'supporter': 10, 'stadium': 0, 'energy': 20, 'total_cards': 60} ｜ 找到 ACE SPEC: ['レガシーエネルギー']
✓ L6LiPL-rkBI9h-gnQg6n 完成：{'deck_id': 'L6LiPL-rkBI9h-gnQg6n', 'pokemon': 16, 'goods': 15, 'tools': 1, 'supporter': 8, 'stadium': 1, 'energy': 19, 'total_cards': 60} ｜ 找到 ACE SPEC: ['シークレットボックス(ACE SPEC)']
✓ FvvFFw-cqHatb-vkFwdk 完成：{'deck_id': 'FvvFFw-cqHatb-vkFwdk', 'pokemon': 14, 'goods': 17, 'tools': 1, 'supporter': 8, 'stadium': 0, 'energy': 20, 'total_cards': 60} ｜ 找到 ACE SPEC: ['パーフェクトミキサー(ACE SPEC)']
✓ 8KKKcJ-fujNOu-YcYcc8 完成：{'deck_id': '8KKKcJ-fujNOu-YcYcc8', 'pokemon': 15, 'goods': 16, 'tools': 0, 'supporter': 10, 'stadium': 0, 'energy': 19, 'total_cards': 60} ｜ 找到 ACE SPEC: ['レガシーエネルギー']
✓ 3yypRM-g5WSAp-ESpSEU 完成：{'deck_id': '3yypRM-g5WSAp-ESpSEU', 'pokemon': 14, 'goods': 17, 'tools': 0, 'supporter': 10, 'stadium': 0, 'energy': 19, 'total_cards': 60} ｜ 找到 ACE SPEC: ['レガシーエネルギー']
✓ xJKJK8-qAWWna-ccYY88 完成：{'deck_id': 'xJKJK8-qAWWna-ccYY88', 'pokemon': 15, 'goods': 15, 'tools': 0, 'supporter': 11, 'stadium': 0, 'energy': 19, 'total_cards': 60} ｜ 找到 ACE SPEC: ['レガシーエネルギー']
✓ 6QLgHH-vAO1C5-nLingP 完成：{'deck_id': '6QLgHH-vAO1C5-nLingP', 'pokemon': 13, 'goods': 18, 'tools': 0, 'supporter': 10, 'stadium': 0, 'energy': 19, 'total_cards': 60} ｜ 找到 ACE SPEC: ['レガシーエネルギー']
✓ yyyE3p-Vikrf2-2ESSpX 完成：{'deck_id': 'yyyE3p-Vikrf2-2ESSpX', 'pokemon': 14, 'goods': 13, 'tools': 0, 'supporter': 10, 'stadium': 3, 'energy': 20, 'total_cards': 60} ｜ 找到 ACE SPEC: ['レガシーエネルギー']
